[1] "running copykat v1.2.5"
[1] "step1: read and filter data ..."
[1] "18082 genes, 192 cells in raw data"
[1] "8284 genes past LOW.DR filtering"
[1] "step 2: annotations gene coordinates ..."
[1] "start annotation ..."
[1] "step 3: smoothing data with dlm ..."
[1] "step 4: measuring baselines ..."
number of iterations= 580 
number of iterations= 230 
number of iterations= 333 
number of iterations= 317 
number of iterations= 227 
[1] "low confidence in classification"
[1] "cell: 1"
number of iterations= 306 
[1] "cell: 2"
WARNING! NOT CONVERGENT! 
number of iterations= 500 
[1] "cell: 3"
number of iterations= 411 
[1] "cell: 4"
WARNING! NOT CONVERGENT! 
number of iterations= 500 
[1] "cell: 5"
WARNING! NOT CONVERGENT! 
number of iterations= 500 
[1] "cell: 6"
WARNING! NOT CONVERGENT! 
number of iterations= 500 
[1] "cell: 7"
number of iterations= 446 
[1] "cell: 8"
WARNING! NOT CONVERGENT! 
number of iterations= 500 
[1] "cell: 9"
WARNING! NOT CONVERGENT! 
number of iterations= 500 
[1] "cell: 10"
WARNING! NOT CONVERGENT! 
number of iterations= 500 
[1] "cell: 11"
WARNING! NOT CONVERGENT! 
number of iterations= 500 
[1] "cell: 12"
WARNING! NOT CONVERGENT! 
number of iterations= 500 
[1] "cell: 13"
WARNING! NOT CONVERGENT! 
number of iterations= 500 
[1] "cell: 14"
WARNING! NOT CONVERGENT! 
number of iterations= 500 
[1] "cell: 15"
WARNING! NOT CONVERGENT! 
number of iterations= 500 
[1] "cell: 16"
WARNING! NOT CONVERGENT! 
number of iterations= 500 
[1] "cell: 17"
WARNING! NOT CONVERGENT! 
number of iterations= 500 
[1] "cell: 18"
WARNING! NOT CONVERGENT! 
number of iterations= 500 
[1] "cell: 19"
WARNING! NOT CONVERGENT! 
number of iterations= 500 
[1] "cell: 20"
WARNING! NOT CONVERGENT! 
number of iterations= 500 
[1] "cell: 21"
number of iterations= 342 
[1] "cell: 22"
number of iterations= 382 
[1] "cell: 23"
number of iterations= 247 
[1] "cell: 24"
WARNING! NOT CONVERGENT! 
number of iterations= 500 
[1] "cell: 25"
number of iterations= 210 
[1] "cell: 26"
WARNING! NOT CONVERGENT! 
number of iterations= 500 
[1] "cell: 27"
WARNING! NOT CONVERGENT! 
number of iterations= 500 
[1] "cell: 28"
number of iterations= 493 
[1] "cell: 29"
number of iterations= 444 
[1] "cell: 30"
number of iterations= 297 
[1] "cell: 31"
number of iterations= 495 
[1] "cell: 32"
WARNING! NOT CONVERGENT! 
number of iterations= 500 
[1] "cell: 33"
WARNING! NOT CONVERGENT! 
number of iterations= 500 
[1] "cell: 34"
WARNING! NOT CONVERGENT! 
number of iterations= 500 
[1] "step 5: segmentation..."
[1] "step 6: convert to genomic bins..."
[1] "step 7: re-adjust baseline ..."
[1] "step 8: final prediction ..."
[1] "step 9: saving results..."
[1] "step 10: ploting heatmap ..."
Time difference of 1.566662 mins
