[1] "running copykat v1.2.5"
[1] "step1: read and filter data ..."
[1] "18082 genes, 801 cells in raw data"
[1] "3465 genes past LOW.DR filtering"
[1] "WARNING: low data quality; assigned LOW.DR to UP.DR..."
[1] "step 2: annotations gene coordinates ..."
[1] "start annotation ..."
[1] "step 3: smoothing data with dlm ..."
[1] "step 4: measuring baselines ..."
number of iterations= 306 
number of iterations= 1181 
[1] "low confidence in classification"
[1] "cell: 1"
WARNING! NOT CONVERGENT! 
number of iterations= 500 
[1] "cell: 2"
number of iterations= 418 
[1] "cell: 3"
WARNING! NOT CONVERGENT! 
number of iterations= 500 
[1] "cell: 4"
WARNING! NOT CONVERGENT! 
number of iterations= 500 
[1] "cell: 5"
number of iterations= 319 
[1] "cell: 6"
number of iterations= 383 
[1] "cell: 7"
WARNING! NOT CONVERGENT! 
number of iterations= 500 
[1] "cell: 8"
WARNING! NOT CONVERGENT! 
number of iterations= 500 
[1] "cell: 9"
WARNING! NOT CONVERGENT! 
number of iterations= 500 
[1] "cell: 10"
WARNING! NOT CONVERGENT! 
number of iterations= 500 
[1] "cell: 11"
WARNING! NOT CONVERGENT! 
number of iterations= 500 
[1] "cell: 12"
WARNING! NOT CONVERGENT! 
number of iterations= 500 
[1] "cell: 13"
WARNING! NOT CONVERGENT! 
number of iterations= 500 
[1] "cell: 14"
number of iterations= 452 
[1] "cell: 15"
WARNING! NOT CONVERGENT! 
number of iterations= 500 
[1] "step 5: segmentation..."
[1] "step 6: convert to genomic bins..."
[1] "step 7: re-adjust baseline ..."
[1] "step 8: final prediction ..."
[1] "step 9: saving results..."
[1] "step 10: ploting heatmap ..."
Time difference of 31.0578 secs
