[1] "running copykat v1.2.5"
[1] "step1: read and filter data ..."
[1] "18082 genes, 801 cells in raw data"
[1] "6190 genes past LOW.DR filtering"
[1] "WARNING: low data quality; assigned LOW.DR to UP.DR..."
[1] "step 2: annotations gene coordinates ..."
[1] "start annotation ..."
[1] "step 3: smoothing data with dlm ..."
[1] "step 4: measuring baselines ..."
number of iterations= 406 
number of iterations= 249 
number of iterations= 433 
[1] "low confidence in classification"
[1] "cell: 1"
number of iterations= 337 
[1] "cell: 2"
WARNING! NOT CONVERGENT! 
number of iterations= 500 
[1] "cell: 3"
WARNING! NOT CONVERGENT! 
number of iterations= 500 
[1] "cell: 4"
number of iterations= 383 
[1] "cell: 5"
number of iterations= 460 
[1] "cell: 6"
WARNING! NOT CONVERGENT! 
number of iterations= 500 
[1] "cell: 7"
number of iterations= 311 
[1] "cell: 8"
number of iterations= 388 
[1] "cell: 9"
number of iterations= 128 
[1] "cell: 10"
WARNING! NOT CONVERGENT! 
number of iterations= 500 
[1] "cell: 11"
number of iterations= 339 
[1] "cell: 12"
number of iterations= 288 
[1] "cell: 13"
WARNING! NOT CONVERGENT! 
number of iterations= 500 
[1] "cell: 14"
WARNING! NOT CONVERGENT! 
number of iterations= 500 
[1] "cell: 15"
number of iterations= 323 
[1] "cell: 16"
number of iterations= 381 
[1] "cell: 17"
number of iterations= 170 
[1] "cell: 18"
WARNING! NOT CONVERGENT! 
number of iterations= 500 
[1] "cell: 19"
number of iterations= 250 
[1] "cell: 20"
WARNING! NOT CONVERGENT! 
number of iterations= 500 
[1] "cell: 21"
WARNING! NOT CONVERGENT! 
number of iterations= 500 
[1] "cell: 22"
number of iterations= 237 
[1] "cell: 23"
number of iterations= 239 
[1] "cell: 24"
WARNING! NOT CONVERGENT! 
number of iterations= 500 
[1] "cell: 25"
WARNING! NOT CONVERGENT! 
number of iterations= 500 
[1] "step 5: segmentation..."
[1] "step 6: convert to genomic bins..."
[1] "step 7: re-adjust baseline ..."
[1] "step 8: final prediction ..."
[1] "step 9: saving results..."
[1] "step 10: ploting heatmap ..."
Time difference of 2.774317 mins
