[1] "running copykat v1.2.5"
[1] "step1: read and filter data ..."
[1] "18082 genes, 1397 cells in raw data"
[1] "8448 genes past LOW.DR filtering"
[1] "step 2: annotations gene coordinates ..."
[1] "start annotation ..."
[1] "step 3: smoothing data with dlm ..."
[1] "step 4: measuring baselines ..."
number of iterations= 166 
number of iterations= 614 
number of iterations= 486 
number of iterations= 332 
number of iterations= 469 
number of iterations= 346 
[1] "low confidence in classification"
[1] "cell: 1"
number of iterations= 295 
[1] "cell: 2"
number of iterations= 289 
[1] "cell: 3"
WARNING! NOT CONVERGENT! 
number of iterations= 500 
[1] "cell: 4"
number of iterations= 223 
[1] "cell: 5"
WARNING! NOT CONVERGENT! 
number of iterations= 500 
[1] "cell: 6"
WARNING! NOT CONVERGENT! 
number of iterations= 500 
[1] "cell: 7"
number of iterations= 261 
[1] "cell: 8"
WARNING! NOT CONVERGENT! 
number of iterations= 500 
[1] "cell: 9"
WARNING! NOT CONVERGENT! 
number of iterations= 500 
[1] "cell: 10"
number of iterations= 312 
[1] "cell: 11"
number of iterations= 473 
[1] "cell: 12"
number of iterations= 432 
[1] "cell: 13"
number of iterations= 454 
[1] "cell: 14"
number of iterations= 157 
[1] "cell: 15"
number of iterations= 443 
[1] "cell: 16"
number of iterations= 413 
[1] "cell: 17"
WARNING! NOT CONVERGENT! 
number of iterations= 500 
[1] "cell: 18"
WARNING! NOT CONVERGENT! 
number of iterations= 500 
[1] "cell: 19"
number of iterations= 249 
[1] "cell: 20"
WARNING! NOT CONVERGENT! 
number of iterations= 500 
[1] "cell: 21"
number of iterations= 331 
[1] "cell: 22"
WARNING! NOT CONVERGENT! 
number of iterations= 500 
[1] "cell: 23"
number of iterations= 300 
[1] "cell: 24"
WARNING! NOT CONVERGENT! 
number of iterations= 500 
[1] "cell: 25"
number of iterations= 339 
[1] "cell: 26"
number of iterations= 449 
[1] "cell: 27"
WARNING! NOT CONVERGENT! 
number of iterations= 500 
[1] "cell: 28"
WARNING! NOT CONVERGENT! 
number of iterations= 500 
[1] "cell: 29"
WARNING! NOT CONVERGENT! 
number of iterations= 500 
[1] "cell: 30"
WARNING! NOT CONVERGENT! 
number of iterations= 500 
[1] "cell: 31"
WARNING! NOT CONVERGENT! 
number of iterations= 500 
[1] "cell: 32"
WARNING! NOT CONVERGENT! 
number of iterations= 500 
[1] "cell: 33"
number of iterations= 316 
[1] "cell: 34"
WARNING! NOT CONVERGENT! 
number of iterations= 500 
[1] "cell: 35"
number of iterations= 372 
[1] "cell: 36"
number of iterations= 406 
[1] "cell: 37"
number of iterations= 252 
[1] "cell: 38"
WARNING! NOT CONVERGENT! 
number of iterations= 500 
[1] "cell: 39"
WARNING! NOT CONVERGENT! 
number of iterations= 500 
[1] "cell: 40"
WARNING! NOT CONVERGENT! 
number of iterations= 500 
[1] "cell: 41"
WARNING! NOT CONVERGENT! 
number of iterations= 500 
[1] "cell: 42"
number of iterations= 238 
[1] "cell: 43"
number of iterations= 377 
[1] "cell: 44"
WARNING! NOT CONVERGENT! 
number of iterations= 500 
[1] "cell: 45"
WARNING! NOT CONVERGENT! 
number of iterations= 500 
[1] "cell: 46"
number of iterations= 212 
[1] "cell: 47"
number of iterations= 137 
[1] "cell: 48"
WARNING! NOT CONVERGENT! 
number of iterations= 500 
[1] "cell: 49"
number of iterations= 329 
[1] "cell: 50"
WARNING! NOT CONVERGENT! 
number of iterations= 500 
[1] "cell: 51"
number of iterations= 384 
[1] "cell: 52"
WARNING! NOT CONVERGENT! 
number of iterations= 500 
[1] "cell: 53"
number of iterations= 317 
[1] "cell: 54"
number of iterations= 417 
[1] "cell: 55"
number of iterations= 415 
[1] "cell: 56"
WARNING! NOT CONVERGENT! 
number of iterations= 500 
[1] "cell: 57"
number of iterations= 205 
[1] "cell: 58"
WARNING! NOT CONVERGENT! 
number of iterations= 500 
[1] "cell: 59"
WARNING! NOT CONVERGENT! 
number of iterations= 500 
[1] "cell: 60"
WARNING! NOT CONVERGENT! 
number of iterations= 500 
[1] "cell: 61"
number of iterations= 299 
[1] "cell: 62"
WARNING! NOT CONVERGENT! 
number of iterations= 500 
[1] "cell: 63"
number of iterations= 247 
[1] "cell: 64"
WARNING! NOT CONVERGENT! 
number of iterations= 500 
[1] "cell: 65"
number of iterations= 496 
[1] "cell: 66"
WARNING! NOT CONVERGENT! 
number of iterations= 500 
[1] "cell: 67"
number of iterations= 214 
[1] "cell: 68"
WARNING! NOT CONVERGENT! 
number of iterations= 500 
[1] "cell: 69"
WARNING! NOT CONVERGENT! 
number of iterations= 500 
[1] "cell: 70"
WARNING! NOT CONVERGENT! 
number of iterations= 500 
[1] "cell: 71"
number of iterations= 144 
[1] "cell: 72"
WARNING! NOT CONVERGENT! 
number of iterations= 500 
[1] "cell: 73"
number of iterations= 453 
[1] "cell: 74"
WARNING! NOT CONVERGENT! 
number of iterations= 500 
[1] "cell: 75"
WARNING! NOT CONVERGENT! 
number of iterations= 500 
[1] "cell: 76"
number of iterations= 358 
[1] "cell: 77"
WARNING! NOT CONVERGENT! 
number of iterations= 500 
[1] "cell: 78"
WARNING! NOT CONVERGENT! 
number of iterations= 500 
[1] "step 5: segmentation..."
[1] "step 6: convert to genomic bins..."
[1] "step 7: re-adjust baseline ..."
[1] "step 8: final prediction ..."
[1] "step 9: saving results..."
[1] "step 10: ploting heatmap ..."
Time difference of 18.09367 mins
