[1] "running copykat v1.2.5"
[1] "step1: read and filter data ..."
[1] "18082 genes, 3118 cells in raw data"
[1] "6779 genes past LOW.DR filtering"
[1] "WARNING: low data quality; assigned LOW.DR to UP.DR..."
[1] "step 2: annotations gene coordinates ..."
[1] "start annotation ..."
[1] "step 3: smoothing data with dlm ..."
[1] "step 4: measuring baselines ..."
number of iterations= 227 
number of iterations= 1107 
number of iterations= 376 
number of iterations= 379 
number of iterations= 69 
number of iterations= 289 
[1] "low confidence in classification"
[1] "cell: 1"
WARNING! NOT CONVERGENT! 
number of iterations= 500 
[1] "cell: 2"
number of iterations= 188 
[1] "cell: 3"
WARNING! NOT CONVERGENT! 
number of iterations= 500 
[1] "cell: 4"
number of iterations= 204 
[1] "cell: 5"
number of iterations= 228 
[1] "cell: 6"
WARNING! NOT CONVERGENT! 
number of iterations= 500 
[1] "cell: 7"
WARNING! NOT CONVERGENT! 
number of iterations= 500 
[1] "cell: 8"
WARNING! NOT CONVERGENT! 
number of iterations= 500 
[1] "cell: 9"
number of iterations= 269 
[1] "cell: 10"
WARNING! NOT CONVERGENT! 
number of iterations= 500 
[1] "cell: 11"
WARNING! NOT CONVERGENT! 
number of iterations= 500 
[1] "cell: 12"
WARNING! NOT CONVERGENT! 
number of iterations= 500 
[1] "cell: 13"
number of iterations= 420 
[1] "cell: 14"
WARNING! NOT CONVERGENT! 
number of iterations= 500 
[1] "cell: 15"
number of iterations= 324 
[1] "cell: 16"
WARNING! NOT CONVERGENT! 
number of iterations= 500 
[1] "cell: 17"
number of iterations= 87 
[1] "cell: 18"
number of iterations= 427 
[1] "cell: 19"
WARNING! NOT CONVERGENT! 
number of iterations= 500 
[1] "cell: 20"
WARNING! NOT CONVERGENT! 
number of iterations= 500 
[1] "cell: 21"
number of iterations= 393 
[1] "cell: 22"
WARNING! NOT CONVERGENT! 
number of iterations= 500 
[1] "cell: 23"
WARNING! NOT CONVERGENT! 
number of iterations= 500 
[1] "cell: 24"
WARNING! NOT CONVERGENT! 
number of iterations= 500 
[1] "cell: 25"
number of iterations= 180 
[1] "cell: 26"
WARNING! NOT CONVERGENT! 
number of iterations= 500 
[1] "cell: 27"
WARNING! NOT CONVERGENT! 
number of iterations= 500 
[1] "cell: 28"
number of iterations= 345 
[1] "cell: 29"
WARNING! NOT CONVERGENT! 
number of iterations= 500 
[1] "cell: 30"
number of iterations= 226 
[1] "cell: 31"
number of iterations= 242 
[1] "cell: 32"
WARNING! NOT CONVERGENT! 
number of iterations= 500 
[1] "cell: 33"
WARNING! NOT CONVERGENT! 
number of iterations= 500 
[1] "cell: 34"
WARNING! NOT CONVERGENT! 
number of iterations= 500 
[1] "cell: 35"
WARNING! NOT CONVERGENT! 
number of iterations= 500 
[1] "cell: 36"
WARNING! NOT CONVERGENT! 
number of iterations= 500 
[1] "cell: 37"
number of iterations= 129 
[1] "cell: 38"
WARNING! NOT CONVERGENT! 
number of iterations= 500 
[1] "cell: 39"
number of iterations= 183 
[1] "cell: 40"
WARNING! NOT CONVERGENT! 
number of iterations= 500 
[1] "cell: 41"
WARNING! NOT CONVERGENT! 
number of iterations= 500 
[1] "cell: 42"
WARNING! NOT CONVERGENT! 
number of iterations= 500 
[1] "cell: 43"
WARNING! NOT CONVERGENT! 
number of iterations= 500 
[1] "cell: 44"
WARNING! NOT CONVERGENT! 
number of iterations= 500 
[1] "cell: 45"
WARNING! NOT CONVERGENT! 
number of iterations= 500 
[1] "cell: 46"
number of iterations= 331 
[1] "cell: 47"
number of iterations= 367 
[1] "cell: 48"
number of iterations= 246 
[1] "step 5: segmentation..."
[1] "step 6: convert to genomic bins..."
[1] "step 7: re-adjust baseline ..."
[1] "step 8: final prediction ..."
[1] "step 9: saving results..."
[1] "step 10: ploting heatmap ..."
Time difference of 30.78362 mins
