[1] "running copykat v1.2.5"
[1] "step1: read and filter data ..."
[1] "18082 genes, 586 cells in raw data"
[1] "8586 genes past LOW.DR filtering"
[1] "step 2: annotations gene coordinates ..."
[1] "start annotation ..."
[1] "step 3: smoothing data with dlm ..."
[1] "step 4: measuring baselines ..."
number of iterations= 201 
number of iterations= 376 
number of iterations= 282 
number of iterations= 176 
number of iterations= 449 
number of iterations= 348 
[1] "step 5: segmentation..."
[1] "step 6: convert to genomic bins..."
[1] "step 7: re-adjust baseline ..."
[1] "step 8: final prediction ..."
[1] "step 9: saving results..."
[1] "step 10: ploting heatmap ..."
Time difference of 4.82847 mins
