[1] "running copykat v1.2.5"
[1] "step1: read and filter data ..."
[1] "18082 genes, 124 cells in raw data"
[1] "8122 genes past LOW.DR filtering"
[1] "step 2: annotations gene coordinates ..."
[1] "start annotation ..."
[1] "step 3: smoothing data with dlm ..."
[1] "step 4: measuring baselines ..."
number of iterations= 328 
number of iterations= 183 
number of iterations= 561 
[1] "low confidence in classification"
[1] "cell: 1"
WARNING! NOT CONVERGENT! 
number of iterations= 500 
[1] "cell: 2"
number of iterations= 492 
[1] "cell: 3"
WARNING! NOT CONVERGENT! 
number of iterations= 500 
[1] "cell: 4"
number of iterations= 218 
[1] "cell: 5"
WARNING! NOT CONVERGENT! 
number of iterations= 500 
[1] "cell: 6"
WARNING! NOT CONVERGENT! 
number of iterations= 500 
[1] "cell: 7"
number of iterations= 353 
[1] "cell: 8"
WARNING! NOT CONVERGENT! 
number of iterations= 500 
[1] "cell: 9"
number of iterations= 305 
[1] "cell: 10"
WARNING! NOT CONVERGENT! 
number of iterations= 500 
[1] "cell: 11"
WARNING! NOT CONVERGENT! 
number of iterations= 500 
[1] "cell: 12"
number of iterations= 181 
[1] "cell: 13"
WARNING! NOT CONVERGENT! 
number of iterations= 500 
[1] "cell: 14"
WARNING! NOT CONVERGENT! 
number of iterations= 500 
[1] "cell: 15"
number of iterations= 310 
[1] "cell: 16"
WARNING! NOT CONVERGENT! 
number of iterations= 500 
[1] "cell: 17"
number of iterations= 209 
[1] "cell: 18"
number of iterations= 345 
[1] "cell: 19"
number of iterations= 442 
[1] "cell: 20"
number of iterations= 229 
[1] "cell: 21"
WARNING! NOT CONVERGENT! 
number of iterations= 500 
[1] "cell: 22"
WARNING! NOT CONVERGENT! 
number of iterations= 500 
[1] "cell: 23"
number of iterations= 390 
[1] "cell: 24"
number of iterations= 359 
[1] "cell: 25"
WARNING! NOT CONVERGENT! 
number of iterations= 500 
[1] "cell: 26"
number of iterations= 270 
[1] "cell: 27"
WARNING! NOT CONVERGENT! 
number of iterations= 500 
[1] "cell: 28"
number of iterations= 438 
[1] "cell: 29"
WARNING! NOT CONVERGENT! 
number of iterations= 500 
[1] "cell: 30"
number of iterations= 332 
[1] "cell: 31"
number of iterations= 353 
[1] "cell: 32"
WARNING! NOT CONVERGENT! 
number of iterations= 500 
[1] "cell: 33"
WARNING! NOT CONVERGENT! 
number of iterations= 500 
[1] "cell: 34"
WARNING! NOT CONVERGENT! 
number of iterations= 500 
[1] "cell: 35"
WARNING! NOT CONVERGENT! 
number of iterations= 500 
[1] "cell: 36"
number of iterations= 484 
[1] "cell: 37"
WARNING! NOT CONVERGENT! 
number of iterations= 500 
[1] "cell: 38"
number of iterations= 395 
[1] "cell: 39"
number of iterations= 479 
[1] "cell: 40"
WARNING! NOT CONVERGENT! 
number of iterations= 500 
[1] "cell: 41"
number of iterations= 279 
[1] "cell: 42"
number of iterations= 315 
[1] "cell: 43"
WARNING! NOT CONVERGENT! 
number of iterations= 500 
[1] "cell: 44"
WARNING! NOT CONVERGENT! 
number of iterations= 500 
[1] "cell: 45"
number of iterations= 356 
[1] "cell: 46"
number of iterations= 199 
[1] "cell: 47"
WARNING! NOT CONVERGENT! 
number of iterations= 500 
[1] "cell: 48"
number of iterations= 358 
[1] "cell: 49"
WARNING! NOT CONVERGENT! 
number of iterations= 500 
[1] "cell: 50"
number of iterations= 316 
[1] "cell: 51"
number of iterations= 260 
[1] "step 5: segmentation..."
[1] "step 6: convert to genomic bins..."
[1] "step 7: re-adjust baseline ..."
[1] "step 8: final prediction ..."
[1] "step 9: saving results..."
[1] "step 10: ploting heatmap ..."
Time difference of 1.265905 mins
