[1] "running copykat v1.2.5"
[1] "step1: read and filter data ..."
[1] "18082 genes, 801 cells in raw data"
[1] "4309 genes past LOW.DR filtering"
[1] "WARNING: low data quality; assigned LOW.DR to UP.DR..."
[1] "step 2: annotations gene coordinates ..."
[1] "start annotation ..."
[1] "step 3: smoothing data with dlm ..."
[1] "step 4: measuring baselines ..."
number of iterations= 262 
number of iterations= 244 
[1] "low confidence in classification"
[1] "cell: 1"
WARNING! NOT CONVERGENT! 
number of iterations= 500 
[1] "cell: 2"
WARNING! NOT CONVERGENT! 
number of iterations= 500 
[1] "cell: 3"
WARNING! NOT CONVERGENT! 
number of iterations= 500 
[1] "cell: 4"
number of iterations= 308 
[1] "cell: 5"
number of iterations= 241 
[1] "cell: 6"
WARNING! NOT CONVERGENT! 
number of iterations= 500 
[1] "cell: 7"
number of iterations= 216 
[1] "cell: 8"
number of iterations= 317 
[1] "cell: 9"
number of iterations= 370 
[1] "cell: 10"
number of iterations= 334 
[1] "cell: 11"
number of iterations= 206 
[1] "cell: 12"
number of iterations= 258 
[1] "cell: 13"
WARNING! NOT CONVERGENT! 
number of iterations= 500 
[1] "cell: 14"
WARNING! NOT CONVERGENT! 
number of iterations= 500 
[1] "cell: 15"
number of iterations= 393 
[1] "cell: 16"
number of iterations= 453 
[1] "cell: 17"
number of iterations= 472 
[1] "cell: 18"
number of iterations= 240 
[1] "cell: 19"
WARNING! NOT CONVERGENT! 
number of iterations= 500 
[1] "cell: 20"
WARNING! NOT CONVERGENT! 
number of iterations= 500 
[1] "cell: 21"
number of iterations= 347 
[1] "cell: 22"
WARNING! NOT CONVERGENT! 
number of iterations= 500 
[1] "cell: 23"
number of iterations= 360 
[1] "cell: 24"
WARNING! NOT CONVERGENT! 
number of iterations= 500 
[1] "cell: 25"
number of iterations= 198 
[1] "cell: 26"
WARNING! NOT CONVERGENT! 
number of iterations= 500 
[1] "cell: 27"
number of iterations= 176 
[1] "cell: 28"
WARNING! NOT CONVERGENT! 
number of iterations= 500 
[1] "cell: 29"
WARNING! NOT CONVERGENT! 
number of iterations= 500 
[1] "cell: 30"
number of iterations= 397 
[1] "cell: 31"
number of iterations= 306 
[1] "cell: 32"
WARNING! NOT CONVERGENT! 
number of iterations= 500 
[1] "cell: 33"
number of iterations= 362 
[1] "cell: 34"
number of iterations= 452 
[1] "step 5: segmentation..."
[1] "step 6: convert to genomic bins..."
[1] "step 7: re-adjust baseline ..."
[1] "step 8: final prediction ..."
[1] "step 9: saving results..."
[1] "step 10: ploting heatmap ..."
Time difference of 54.00489 secs
